MPASM  5.30.01            RELOJ INTERRUPCION.ASM   4-3-2024  12:40:51         PAGE  1


LOC  OBJECT CODE     LINE SOURCE TEXT
  VALUE

                      00001 ; CECYT 9 JUAN DE DIOS BATIZ.
                      00002 ;
                      00003 ; PRACTICA 0';.
                      00004 ; MANEJO DE UN LED OSCILANDO A 1 Hz.
                      00005 ;
                      00006 ; EQUIPO:       GRUPO: 6IMX.
                      00007 ;
                      00008 ; INTEGRANTES:
                      00009 ;
                      00010 ; FECHA DE ENTREGA DEL REPORTE.
                      00011 ;
                      00012 ; ESTE PROGRAMA CONTROLA UN LED HACIENDOLO OSCILAR A UNA
                      00013 ; FRECUENCIA DE UN SEGUNDO, UTILIZANDO
                      00014 ; INTERRUPCIONES CON EL TMR0.
                      00015 ;
                      00016 ;--------------------------------------------------------------------------------------------------
                      00017  LIST   P=16F877A;
                      00018  
                      00019  #INCLUDE "C:\Program Files (x86)\Microchip\MPASM Suite\P16F877A.INC";
                      00001         LIST
                      00002 ; P16F877A.INC  Standard Header File, Version 1.00    Microchip Technology, Inc.
                      00400         LIST
                      00020  ;#include "C:\Program Files\Microchip\MPASM Suite\P16F877A.INC";
                      00021 
                      00022  
2007   3F39           00023  __CONFIG _CP_OFF & _WDT_OFF & _BODEN_OFF & _PWRTE_OFF & _XT_OSC & _WRT_OFF & _LVP_OFF & _CPD_OFF;
                      00024 ;--------------------------------------------------------------------------------------------------
                      00025 ;
                      00026 ; Fosc = 4 MHz.
                      00027 ; Ciclo de trabajo del PIC = (1/fosc)*4 = 1 µs.
                      00028 ; T int =(256-tmr0)*(P)*((1/4000000)*4) = 1 ms. // Tiempo de interrupción.
                      00029 ; tmr0=131, P=8.
                      00030 ; frec int = 1/ t int = 1 KHz.
                      00031 ;----------------------------------------------------------------------------------------------------
                      00032 ;
                      00033 ;Def. de variables del programa en RAM.
                      00034 
  00000020            00035 RESP_W                  EQU 0X20;
  00000021            00036 RESP_STATUS     EQU 0X21;
  00000022            00037 RES_PCLATH              EQU 0X22;
  00000023            00038 RES_FSR                 EQU 0X23;
  00000024            00039 PRESC_1                 EQU 0X24; .001 100 5
  00000025            00040 PRESC_2                 EQU 0X25; t int = t intb * presc_1 * presc_2
  00000026            00041 BANDERAS                EQU 0X26;
  00000027            00042 CONT_MILIS              EQU 0X27;
                      00043 
  00000028            00044 CUENTA_DECI_S EQU 0X28;
  00000029            00045 CUENTA_UNID_S EQU 0X29;
                      00046 
  0000002A            00047 CUENTA_DECI_M EQU 0X2A;
  0000002B            00048 CUENTA_UNID_M EQU 0X2B;
                      00049 
  0000002C            00050 CUENTA_DECI_H EQU 0X2C;
MPASM  5.30.01            RELOJ INTERRUPCION.ASM   4-3-2024  12:40:51         PAGE  2


LOC  OBJECT CODE     LINE SOURCE TEXT
  VALUE

  0000002D            00051 CUENTA_UNID_H EQU 0X2D;
                      00052 
  0000002E            00053 CODASCII_DEC_S EQU 0X2E;
  0000002F            00054 CODASCII_UNI_S EQU 0X2F;
                      00055 
  00000030            00056 CODASCII_DEC_M EQU 0X30;
  00000031            00057 CODASCII_UNI_M EQU 0X31;
                      00058 
  00000032            00059 CODASCII_DEC_H EQU 0X32;
  00000033            00060 CODASCII_UNI_H EQU 0X33;
                      00061 
                      00062 ;resp_num equ 0x34;
                      00063 ;---------------------------------------------------------------------------------------------------
                      00064 ; Def. de constantes a utilizar.
  00000085            00065 TMB     EQU     .133;
                      00066 
                      00067 ; banderas del registro banderas.
  00000000            00068 BAN_INT                 EQU .0;
  00000001            00069 BAN_24H                 EQU .1;
  00000002            00070 SIN_BD2                 EQU .2;
  00000003            00071 SIN_BD3                 EQU .3;
  00000004            00072 SIN_BD4                 EQU .4;
  00000005            00073 SIN_BD5                 EQU .5;
  00000006            00074 SIN_BD6                 EQU .6;
  00000007            00075 SIN_BD7                 EQU .7;
                      00076 ;---------------------------------------------------------------------------------------------------
                      00077 
                      00078 ; Def. de Ptos. I/0.
                      00079 
                      00080 ; Puerto A.
  00000000            00081 LCD_R#S    EQU .0;
  00000001            00082 LCD_E      EQU .1;
  00000002            00083 SIN_USORA2 EQU .2;
  00000003            00084 SIN_USORA3 EQU .3;
  00000004            00085 SIN_USORA4 EQU .4;
  00000005            00086 SIN_USORA5 EQU .5;
                      00087 
  00000000            00088 PROGA EQU B'000000';Def. la config. de los bits del pto. a.
                      00089 
                      00090 ;Puerto B.
  00000000            00091 SIN_USORB0 EQU .0;
  00000001            00092 SIN_USORB1 EQU .1;
  00000002            00093 SIN_USORB2 EQU .2;
  00000003            00094 SIN_USORB3 EQU .3;
  00000004            00095 SIN_USORB4 EQU .4;
  00000005            00096 SIN_USORB5 EQU .5;
  00000006            00097 SIN_USORB6 EQU .6;
  00000007            00098 SIN_USORB7 EQU .7;
                      00099 
  000000FF            00100 PROGB EQU B'11111111'; // Programación inicial del puerto B.
                      00101 
                      00102 ;Puerto C.
  00000000            00103 LCD_D0 EQU .0;
MPASM  5.30.01            RELOJ INTERRUPCION.ASM   4-3-2024  12:40:51         PAGE  3


LOC  OBJECT CODE     LINE SOURCE TEXT
  VALUE

  00000001            00104 LCD_D1 EQU .1;
  00000002            00105 LCD_D2 EQU .2;
  00000003            00106 LCD_D3 EQU .3;
  00000004            00107 LCD_D4 EQU .4;
  00000005            00108 LCD_D5 EQU .5;
  00000006            00109 LCD_D6 EQU .6;
  00000007            00110 LCD_D7 EQU .7;
                      00111 
  00000000            00112 PROGC EQU B'00000000'; // Programación inicial del puerto C como 
                      00113                                                  ;Entrada.
                      00114 ;Puerto D.
  00000000            00115 SIN_USORD0 EQU .0;
  00000001            00116 SIN_USORD1 EQU .1;
  00000002            00117 SIN_USORD2 EQU .2;
  00000003            00118 SIN_USORD3 EQU .3;
  00000004            00119 SIN_USORD4 EQU .4;
  00000005            00120 SIN_USORD5 EQU .5;
  00000006            00121 SIN_USORD6 EQU .6;
  00000007            00122 SIN_USORD7 EQU .7;
                      00123 
  000000FF            00124 PROGD EQU B'11111111';Def.
                      00125 
                      00126 ; Puerto E.
  00000000            00127 SIN_USORE0 EQU .0;
  00000001            00128 SIN_USORE1 EQU .1;
  00000002            00129 LED_ROJO   EQU .2;
                      00130 
  00000003            00131 PROGE EQU B'011';Def. la encua.
                      00132 ;-------------------------------------------------------------------------------------------------
                      00133 
                      00134                         ;=================
                      00135                         ;== Vector Reset ==
                      00136                         ;=================
0000                  00137                         ORG 0X00;
0000   018A           00138 VEC_RESET       CLRF PCLATH;
                      00139 
0001   2867           00140                         GOTO PROG_PRIN;
                      00141 ;-------------------------------------------------------------------------------------------------
                      00142 
                      00143                         ;=============================
                      00144                         ;== Subrutina de Interrupciones ==
                      00145                         ;=============================
                      00146                         
0004                  00147                         ORG 0X04;
0004   00A0           00148 VEC_INT         MOVWF RESP_W;resp. esl estado del reg. w.
0005   0803           00149                         MOVF STATUS,W;
0006   00A1           00150                         MOVWF RESP_STATUS;resp. banderas de la alu.
0007   0183           00151                         CLRF STATUS;
0008   080A           00152                         MOVF PCLATH,W;
0009   00A2           00153                         MOVWF RES_PCLATH;
000A   018A           00154                         CLRF PCLATH;
000B   0804           00155                         MOVF FSR,W;
000C   00A3           00156                         MOVWF RES_FSR;
MPASM  5.30.01            RELOJ INTERRUPCION.ASM   4-3-2024  12:40:51         PAGE  4


LOC  OBJECT CODE     LINE SOURCE TEXT
  VALUE

                      00157 
000D   190B           00158                         BTFSC INTCON,T0IF;
000E   203F           00159                         CALL RUTINA_INT;
                      00160 
000F   0823           00161 SAL_INT         MOVF RES_FSR,W;
0010   0084           00162                         MOVWF FSR;
0011   0822           00163                         MOVF RES_PCLATH,W;
0012   008A           00164                         MOVWF PCLATH;
0013   0821           00165                         MOVF RESP_STATUS,W;
0014   0083           00166                         MOVWF STATUS;
0015   0820           00167                         MOVF RESP_W,W;
0016   3085           00168                         MOVLW TMB;
0017   0081           00169                         MOVWF TMR0;
                      00170                         
0018   0009           00171                         RETFIE;
                      00172 ;--------------------------------------------------------------------------------------------------
                      00173 
                      00174                         ;================================
                      00175                         ;== Subrutina de Ini. de Reg. del Pic ==
                      00176                         ;================================
                      00177 
0019   1683           00178 PROG_INI        BSF STATUS,RP0; Ponte en el banco 1 de ram.
001A   3082           00179                         MOVLW 0X82;
001B   0081           00180                         MOVWF OPTION_REG ^0X80;
001C   3000           00181                         MOVLW PROGA;
001D   0085           00182                         MOVWF TRISA ^0X80;
001E   30FF           00183                         MOVLW PROGB;
001F   0086           00184                         MOVWF TRISB ^0X80;
0020   3000           00185                         MOVLW PROGC;
0021   0087           00186                         MOVWF TRISC ^0X80;
0022   30FF           00187                         MOVLW PROGD;
0023   0088           00188                         MOVWF TRISD ^0X80;
0024   3003           00189                         MOVLW PROGE;
0025   0089           00190                         MOVWF TRISE ^0X80;
0026   3006           00191                         MOVLW 0X06;
0027   009F           00192                         MOVWF ADCON1 ^0X80;
                      00193                         
0028   1283           00194                         BCF STATUS,RP0; Ponte en el banco 0 de ram.
0029   1303           00195                         BCF STATUS,RP1; Ponte en el banco 0 de ram.     
                      00196                                 
002A   0185           00197                         CLRF PORTA;
002B   01A6           00198                         CLRF BANDERAS;
002C   01A7           00199                         CLRF CONT_MILIS;
                      00200                         
002D   3030           00201                         MOVLW '0';
002E   00AE           00202                         MOVWF CODASCII_DEC_S;
002F   00AF           00203                         MOVWF CODASCII_UNI_S;
0030   00B0           00204                         MOVWF CODASCII_DEC_M;
0031   00B1           00205                         MOVWF CODASCII_UNI_M;
0032   00B2           00206                         MOVWF CODASCII_DEC_H;
0033   00B3           00207                         MOVWF CODASCII_UNI_H;
                      00208 
0034   01A8           00209                         CLRF CUENTA_DECI_S;
MPASM  5.30.01            RELOJ INTERRUPCION.ASM   4-3-2024  12:40:51         PAGE  5


LOC  OBJECT CODE     LINE SOURCE TEXT
  VALUE

0035   01A9           00210                         CLRF CUENTA_UNID_S;
0036   01AA           00211                         CLRF CUENTA_DECI_M;
0037   01AB           00212                         CLRF CUENTA_UNID_M;
0038   01AC           00213                         CLRF CUENTA_DECI_H;
0039   01AD           00214                         CLRF CUENTA_UNID_H;
                      00215                         
003A   30A0           00216                         MOVLW 0XA0;
003B   008B           00217                         MOVWF INTCON;
003C   3085           00218                         MOVLW TMB;
003D   0081           00219                         MOVWF TMR0;
                      00220                         
003E   0008           00221                         RETURN;
                      00222                         
                      00223 ;--------------------------------------------------------------------------------------------------
                      00224 
                      00225                         ;=============================
                      00226                         ;== Subrutina de Interrupciones ==
                      00227                         ;=============================
                      00228                         
003F   0AA7           00229 RUTINA_INT      INCF CONT_MILIS,F;
0040   0AA4           00230                         INCF PRESC_1,F;
                      00231 
0041   3064           00232                         MOVLW .100;
0042   0624           00233                         XORWF PRESC_1,W;
0043   1D03           00234                         BTFSS STATUS,Z;
0044   284F           00235                         GOTO SAL_RUTINT;
0045   2846           00236                         GOTO SIG_INT;
                      00237 
0046   01A4           00238 SIG_INT         CLRF PRESC_1;
0047   0AA5           00239                         INCF PRESC_2,F;
0048   300A           00240                         MOVLW .10;
0049   0625           00241                         XORWF PRESC_2,W;
004A   1D03           00242                         BTFSS STATUS,Z;
004B   284F           00243                         GOTO SAL_RUTINT;
004C   01A4           00244                         CLRF PRESC_1;
004D   01A5           00245                         CLRF PRESC_2;
                      00246 
004E   1426           00247                         BSF BANDERAS,BAN_INT;
                      00248 
004F   110B           00249 SAL_RUTINT      BCF INTCON,T0IF;
                      00250                         
0050   0008           00251                         RETURN;
                      00252 ;--------------------------------------------------------------------------------------------------
                      00253                         ;=====================
                      00254                         ;== Inicializar LCD ==
                      00255                         ;=====================
                      00256 
0051   1485           00257 LCD_INI         BSF PORTA,LCD_E;        ;Pulso en alto inicial del Enable
                      00258 
0052   3038           00259                         MOVLW 0X38;
0053   205F           00260                         CALL COMANDO_LCD;
0054   3001           00261                         MOVLW 0X01;
0055   205F           00262                         CALL COMANDO_LCD;
MPASM  5.30.01            RELOJ INTERRUPCION.ASM   4-3-2024  12:40:51         PAGE  6


LOC  OBJECT CODE     LINE SOURCE TEXT
  VALUE

0056   3006           00263                         MOVLW 0X06;
0057   205F           00264                         CALL COMANDO_LCD;
0058   300C           00265                         MOVLW 0X0C;
0059   205F           00266                         CALL COMANDO_LCD;
005A   3080           00267                         MOVLW 0X80;
005B   205F           00268                         CALL COMANDO_LCD;
                      00269                         
005C   0008           00270                         RETURN;
                      00271 ;--------------------------------------------------------------------------------------------------
                      00272                         ;=========================================
                      00273                         ;== Subrutina de HABILITACIÓN DE LCD (E) ==
                      00274                         ;=========================================
                      00275         
005D   1405           00276 PRINT_LCD               BSF PORTA,LCD_R#S;
005E   2860           00277                                 GOTO CARGA;
005F   1005           00278 COMANDO_LCD             BCF PORTA,LCD_R#S; Modo comando
0060   0087           00279 CARGA                   MOVWF PORTC;
                      00280 
0061   207A           00281                                 CALL RETARDO;
0062   1085           00282                                 BCF PORTA,LCD_E;
0063   207A           00283                                 CALL RETARDO;
0064   1485           00284                                 BSF PORTA,LCD_E;
                      00285                                 
0065   2080           00286                                 CALL RETARDO_40MS
                      00287 
0066   0008           00288                                 RETURN;
                      00289 ;--------------------------------------------------------------------------------------------------
                      00290                         ;=====================
                      00291                         ;== Programa principal ==
                      00292                         ;=====================
                      00293 
0067   2019           00294 PROG_PRIN       CALL PROG_INI;
0068   2051           00295                         CALL LCD_INI;
                      00296 
0069   206F           00297 LOOP_PRIN       CALL ESP_INT;
006A   2074           00298                         CALL BLINK_LED;
                      00299                         
006B   2086           00300                         CALL MUESTRA_TIME;
006C   20A7           00301                         CALL CTA_TIEMPO;
006D   20DC           00302                         CALL ARMA_TIEMPO;
                      00303                         
006E   2869           00304                         GOTO LOOP_PRIN;
                      00305 ;--------------------------------------------------------------------------------------------------
                      00306                         ;=========================================
                      00307                         ;== Subrutina de espera de int. de 1 segundo ==
                      00308                         ;=========================================
                      00309                         
006F   0000           00310 ESP_INT         NOP;
0070   1C26           00311                         BTFSS BANDERAS,BAN_INT;
0071   286F           00312                         GOTO ESP_INT;
0072   1026           00313                         BCF BANDERAS,BAN_INT;
                      00314                         
0073   0008           00315                         RETURN;
MPASM  5.30.01            RELOJ INTERRUPCION.ASM   4-3-2024  12:40:51         PAGE  7


LOC  OBJECT CODE     LINE SOURCE TEXT
  VALUE

                      00316 ;--------------------------------------------------------------------------------------------------
                      00317                         ;=========================================
                      00318                         ;== Subrutina de oscilación del LED ==
                      00319                         ;=========================================
                      00320                         
0074   1D09           00321 BLINK_LED       BTFSS PORTE,LED_ROJO;
0075   2878           00322                         GOTO SEC_LED;
0076   1109           00323                         BCF PORTE,LED_ROJO; Prende el led.
0077   0008           00324                         RETURN;
                      00325                         
0078   1509           00326 SEC_LED         BSF PORTE,LED_ROJO; Apaga el led.
0079   0008           00327                         RETURN;
                      00328 ;---------------------------------------------------------------------------------------------
                      00329                         ;=========================================
                      00330                         ;== Subrutina de RETARDO_2ms MILISEGUNDOS ==
                      00331                         ;=========================================
                      00332 
007A   01A7           00333 RETARDO     CLRF CONT_MILIS;
007B   3001           00334 ESP_INT1MS      MOVLW .1;
007C   0227           00335                         SUBWF CONT_MILIS,W;
007D   1D03           00336                         BTFSS STATUS,Z;
007E   287B           00337                         GOTO  ESP_INT1MS;
007F   0008           00338                         RETURN;
                      00339 ;--------------------------------------------------------------------------------------------------
                      00340                         ;=========================================
                      00341                         ;== Subrutina de RETARDO_2ms MILISEGUNDOS ==
                      00342                         ;=========================================
                      00343 
0080   01A7           00344 RETARDO_40MS    CLRF CONT_MILIS;
0081   3002           00345 ESP_INT40MS             MOVLW .2;
0082   0227           00346                                 SUBWF CONT_MILIS,W;
0083   1D03           00347                                 BTFSS STATUS,Z;
0084   287B           00348                                 GOTO  ESP_INT1MS;
0085   0008           00349                                 RETURN;
                      00350 ;--------------------------------------------------------------------------------------------------
                      00351 #INCLUDE "Subrutinas control time.inc"
                      00001 
                      00002                                 ;=======================================
                      00003                                 ;== Subrutina que muestra el tiempo ==
                      00004                                 ;=======================================
0086                  00005 MUESTRA_TIME    
0086   3084           00006                                 MOVLW H'84';
0087   205F           00007                                 CALL COMANDO_LCD;
0088   0832           00008                                 MOVF CODASCII_DEC_H,W;
0089   205D           00009                                 CALL PRINT_LCD; 
                      00010 
008A   3085           00011                                 MOVLW H'85';
008B   205F           00012                                 CALL COMANDO_LCD;
008C   0833           00013                                 MOVF CODASCII_UNI_H,W;
008D   205D           00014                                 CALL PRINT_LCD;
                      00015                                 
008E   3086           00016                                 MOVLW H'86';
008F   205F           00017                                 CALL COMANDO_LCD;
MPASM  5.30.01            RELOJ INTERRUPCION.ASM   4-3-2024  12:40:51         PAGE  8


LOC  OBJECT CODE     LINE SOURCE TEXT
  VALUE

0090   303A           00018                                 MOVLW ':';
0091   205D           00019                                 CALL PRINT_LCD;
                      00020                                 
0092   3087           00021                                 MOVLW H'87';
0093   205F           00022                                 CALL COMANDO_LCD;
0094   0830           00023                                 MOVF CODASCII_DEC_M,W;
0095   205D           00024                                 CALL PRINT_LCD;
                      00025                                 
0096   3088           00026                                 MOVLW H'88';
0097   205F           00027                                 CALL COMANDO_LCD;
0098   0831           00028                                 MOVF CODASCII_UNI_M,W;
0099   205D           00029                                 CALL PRINT_LCD;
                      00030                                 
009A   3089           00031                                 MOVLW H'89';
009B   205F           00032                                 CALL COMANDO_LCD;
009C   303A           00033                                 MOVLW ':';
009D   205D           00034                                 CALL PRINT_LCD;
                      00035                                 
009E   308A           00036                                 MOVLW H'8A';
009F   205F           00037                                 CALL COMANDO_LCD;
00A0   082E           00038                                 MOVF CODASCII_DEC_S,W;
00A1   205D           00039                                 CALL PRINT_LCD;
                      00040                                 
00A2   308B           00041                                 MOVLW H'8B';
00A3   205F           00042                                 CALL COMANDO_LCD;
00A4   082F           00043                                 MOVF CODASCII_UNI_S,W;
00A5   205D           00044                                 CALL PRINT_LCD;
                      00045                                 
00A6   0008           00046                                 RETURN;
                      00047 ;---------------------------------------------------------------------------------------------
                      00048                                 ;=======================================
                      00049                                 ;== Subrutina que cuenta el tiempo ==
                      00050                                 ;=======================================
                      00051 
00A7   0AA9           00052 CTA_TIEMPO              INCF CUENTA_UNID_S,F;
00A8   300A           00053                                 MOVLW .10;
00A9   0229           00054                                 SUBWF CUENTA_UNID_S,W;
00AA   1D03           00055                                 BTFSS STATUS,Z;
00AB   28DB           00056                                 GOTO SAL_CTATIM;
00AC   01A9           00057                                 CLRF CUENTA_UNID_S;
00AD   0AA8           00058                                 INCF CUENTA_DECI_S,F;
                      00059 
00AE   3006           00060                                 MOVLW .6;
00AF   0228           00061                                 SUBWF CUENTA_DECI_S,W;
00B0   1D03           00062                                 BTFSS STATUS,Z;
00B1   28DB           00063                                 GOTO SAL_CTATIM;
00B2   01A9           00064                                 CLRF CUENTA_UNID_S;
00B3   01A8           00065                                 CLRF CUENTA_DECI_S;
                      00066 
00B4   0AAB           00067                                 INCF CUENTA_UNID_M,F;
00B5   300A           00068                                 MOVLW .10;
00B6   022B           00069                                 SUBWF CUENTA_UNID_M,W;
00B7   1D03           00070                                 BTFSS STATUS,Z;
MPASM  5.30.01            RELOJ INTERRUPCION.ASM   4-3-2024  12:40:51         PAGE  9


LOC  OBJECT CODE     LINE SOURCE TEXT
  VALUE

00B8   28DB           00071                                 GOTO SAL_CTATIM;
00B9   01AB           00072                                 CLRF CUENTA_UNID_M;
00BA   0AAA           00073                                 INCF CUENTA_DECI_M,F;
                      00074 
00BB   3006           00075                                 MOVLW .6;
00BC   022A           00076                                 SUBWF CUENTA_DECI_M,W;
00BD   1D03           00077                                 BTFSS STATUS,Z;
00BE   28DB           00078                                 GOTO SAL_CTATIM;
00BF   01AB           00079                                 CLRF CUENTA_UNID_M;
00C0   01AA           00080                                 CLRF CUENTA_DECI_M;
00C1   0AAD           00081                                 INCF CUENTA_UNID_H,F;
                      00082                                 
00C2   18A6           00083                                 BTFSC BANDERAS,BAN_24H;
00C3   28D0           00084                                 GOTO TIME_OUT;
00C4   300A           00085                                 MOVLW .10;
00C5   022D           00086                                 SUBWF CUENTA_UNID_H,W;
00C6   1D03           00087                                 BTFSS STATUS,Z;
00C7   28DB           00088                                 GOTO SAL_CTATIM;
00C8   01AD           00089                                 CLRF CUENTA_UNID_H;
00C9   0AAC           00090                                 INCF CUENTA_DECI_H,F;
                      00091 
00CA   3002           00092                                 MOVLW .2;
00CB   022C           00093                                 SUBWF CUENTA_DECI_H,W;
00CC   1D03           00094                                 BTFSS STATUS,Z;
00CD   28DB           00095                                 GOTO SAL_CTATIM;
00CE   14A6           00096                                 BSF     BANDERAS,BAN_24H;
00CF   28DB           00097                                 GOTO SAL_CTATIM;
                      00098                                 
00D0   3004           00099 TIME_OUT                MOVLW .4;
00D1   022D           00100                                 SUBWF CUENTA_UNID_H,W;
00D2   1D03           00101                                 BTFSS STATUS,Z;
00D3   28DB           00102                                 GOTO SAL_CTATIM;
00D4   01AD           00103                                 CLRF CUENTA_UNID_H;
00D5   01AC           00104                                 CLRF CUENTA_DECI_H;
00D6   01AB           00105                                 CLRF CUENTA_UNID_M;
00D7   01AA           00106                                 CLRF CUENTA_DECI_M;
00D8   01A9           00107                                 CLRF CUENTA_UNID_S;
00D9   01A8           00108                                 CLRF CUENTA_DECI_S;
00DA   10A6           00109                                 BCF BANDERAS,BAN_24H;
                      00110 
00DB   0008           00111 SAL_CTATIM              RETURN;
                      00112 ;---------------------------------------------------------------------------------------------
                      00113                                 ;====================================
                      00114                                 ;== Subrutina que arma el tiempo ==
                      00115                                 ;====================================
00DC   0829           00116 ARMA_TIEMPO             MOVF CUENTA_UNID_S,W;
00DD   20EF           00117                                 CALL CONV_A_ASCII;
00DE   00AF           00118                                 MOVWF CODASCII_UNI_S;
                      00119 
00DF   0828           00120                                 MOVF CUENTA_DECI_S,W;
00E0   20EF           00121                                 CALL CONV_A_ASCII;
00E1   00AE           00122                                 MOVWF CODASCII_DEC_S;
                      00123 
MPASM  5.30.01            RELOJ INTERRUPCION.ASM   4-3-2024  12:40:51         PAGE 10


LOC  OBJECT CODE     LINE SOURCE TEXT
  VALUE

00E2   082B           00124                                 MOVF CUENTA_UNID_M,W;
00E3   20EF           00125                                 CALL CONV_A_ASCII;
00E4   00B1           00126                                 MOVWF CODASCII_UNI_M;
                      00127 
00E5   082A           00128                                 MOVF CUENTA_DECI_M,W;
00E6   20EF           00129                                 CALL CONV_A_ASCII;
00E7   00B0           00130                                 MOVWF CODASCII_DEC_M;
                      00131 
00E8   082D           00132                                 MOVF CUENTA_UNID_H,W;
00E9   20EF           00133                                 CALL CONV_A_ASCII;
00EA   00B3           00134                                 MOVWF CODASCII_UNI_H;
                      00135 
00EB   082C           00136                                 MOVF CUENTA_DECI_H,W;
00EC   20EF           00137                                 CALL CONV_A_ASCII;
00ED   00B2           00138                                 MOVWF CODASCII_DEC_H;
                      00139 
00EE   0008           00140                                 RETURN;
                      00141 ;---------------------------------------------------------------------------------------------          
                                            
                      00142                                 ;====================================
                      00143                                 ;== Subrutina que arma el tiempo ==
                      00144                                 ;====================================
00EF   0782           00145 CONV_A_ASCII    ADDWF PCL,F;
00F0   3430           00146                                 RETLW '0';
00F1   3431           00147                                 RETLW '1';
00F2   3432           00148                                 RETLW '2';
00F3   3433           00149                                 RETLW '3';
00F4   3434           00150                                 RETLW '4';
00F5   3435           00151                                 RETLW '5';
00F6   3436           00152                                 RETLW '6';
00F7   3437           00153                                 RETLW '7';
00F8   3438           00154                                 RETLW '8';
00F9   3439           00155                                 RETLW '9';
                      00352                         END
MPASM  5.30.01            RELOJ INTERRUPCION.ASM   4-3-2024  12:40:51         PAGE 11


SYMBOL TABLE
  LABEL                             VALUE 

ACKDT                             00000005
ACKEN                             00000004
ACKSTAT                           00000006
ADCON0                            0000001F
ADCON1                            0000009F
ADCS0                             00000006
ADCS1                             00000007
ADCS2                             00000006
ADDEN                             00000003
ADFM                              00000007
ADIE                              00000006
ADIF                              00000006
ADON                              00000000
ADRESH                            0000001E
ADRESL                            0000009E
ARMA_TIEMPO                       000000DC
BANDERAS                          00000026
BAN_24H                           00000001
BAN_INT                           00000000
BCLIE                             00000003
BCLIF                             00000003
BF                                00000000
BLINK_LED                         00000074
BRGH                              00000002
C                                 00000000
C1INV                             00000004
C1OUT                             00000006
C2INV                             00000005
C2OUT                             00000007
CARGA                             00000060
CCP1CON                           00000017
CCP1IE                            00000002
CCP1IF                            00000002
CCP1M0                            00000000
CCP1M1                            00000001
CCP1M2                            00000002
CCP1M3                            00000003
CCP1X                             00000005
CCP1Y                             00000004
CCP2CON                           0000001D
CCP2IE                            00000000
CCP2IF                            00000000
CCP2M0                            00000000
CCP2M1                            00000001
CCP2M2                            00000002
CCP2M3                            00000003
CCP2X                             00000005
CCP2Y                             00000004
CCPR1H                            00000016
CCPR1L                            00000015
CCPR2H                            0000001C
CCPR2L                            0000001B
CHS0                              00000003
MPASM  5.30.01            RELOJ INTERRUPCION.ASM   4-3-2024  12:40:51         PAGE 12


SYMBOL TABLE
  LABEL                             VALUE 

CHS1                              00000004
CHS2                              00000005
CIS                               00000003
CKE                               00000006
CKP                               00000004
CM0                               00000000
CM1                               00000001
CM2                               00000002
CMCON                             0000009C
CMIE                              00000006
CMIF                              00000006
CODASCII_DEC_H                    00000032
CODASCII_DEC_M                    00000030
CODASCII_DEC_S                    0000002E
CODASCII_UNI_H                    00000033
CODASCII_UNI_M                    00000031
CODASCII_UNI_S                    0000002F
COMANDO_LCD                       0000005F
CONT_MILIS                        00000027
CONV_A_ASCII                      000000EF
CREN                              00000004
CSRC                              00000007
CTA_TIEMPO                        000000A7
CUENTA_DECI_H                     0000002C
CUENTA_DECI_M                     0000002A
CUENTA_DECI_S                     00000028
CUENTA_UNID_H                     0000002D
CUENTA_UNID_M                     0000002B
CUENTA_UNID_S                     00000029
CVR0                              00000000
CVR1                              00000001
CVR2                              00000002
CVR3                              00000003
CVRCON                            0000009D
CVREN                             00000007
CVROE                             00000006
CVRR                              00000005
D                                 00000005
DATA_ADDRESS                      00000005
DC                                00000001
D_A                               00000005
EEADR                             0000010D
EEADRH                            0000010F
EECON1                            0000018C
EECON2                            0000018D
EEDATA                            0000010C
EEDATH                            0000010E
EEIE                              00000004
EEIF                              00000004
EEPGD                             00000007
ESP_INT                           0000006F
ESP_INT1MS                        0000007B
ESP_INT40MS                       00000081
MPASM  5.30.01            RELOJ INTERRUPCION.ASM   4-3-2024  12:40:51         PAGE 13


SYMBOL TABLE
  LABEL                             VALUE 

F                                 00000001
FERR                              00000002
FSR                               00000004
GCEN                              00000007
GIE                               00000007
GO                                00000002
GO_DONE                           00000002
I2C_DATA                          00000005
I2C_READ                          00000002
I2C_START                         00000003
I2C_STOP                          00000004
IBF                               00000007
IBOV                              00000005
INDF                              00000000
INTCON                            0000000B
INTE                              00000004
INTEDG                            00000006
INTF                              00000001
IRP                               00000007
LCD_D0                            00000000
LCD_D1                            00000001
LCD_D2                            00000002
LCD_D3                            00000003
LCD_D4                            00000004
LCD_D5                            00000005
LCD_D6                            00000006
LCD_D7                            00000007
LCD_E                             00000001
LCD_INI                           00000051
LCD_R#S                           00000000
LED_ROJO                          00000002
LOOP_PRIN                         00000069
MUESTRA_TIME                      00000086
NOT_A                             00000005
NOT_ADDRESS                       00000005
NOT_BO                            00000000
NOT_BOR                           00000000
NOT_DONE                          00000002
NOT_PD                            00000003
NOT_POR                           00000001
NOT_RBPU                          00000007
NOT_RC8                           00000006
NOT_T1SYNC                        00000002
NOT_TO                            00000004
NOT_TX8                           00000006
NOT_W                             00000002
NOT_WRITE                         00000002
OBF                               00000006
OERR                              00000001
OPTION_REG                        00000081
P                                 00000004
PCFG0                             00000000
PCFG1                             00000001
MPASM  5.30.01            RELOJ INTERRUPCION.ASM   4-3-2024  12:40:51         PAGE 14


SYMBOL TABLE
  LABEL                             VALUE 

PCFG2                             00000002
PCFG3                             00000003
PCL                               00000002
PCLATH                            0000000A
PCON                              0000008E
PEIE                              00000006
PEN                               00000002
PIE1                              0000008C
PIE2                              0000008D
PIR1                              0000000C
PIR2                              0000000D
PORTA                             00000005
PORTB                             00000006
PORTC                             00000007
PORTD                             00000008
PORTE                             00000009
PR2                               00000092
PRESC_1                           00000024
PRESC_2                           00000025
PRINT_LCD                         0000005D
PROGA                             00000000
PROGB                             000000FF
PROGC                             00000000
PROGD                             000000FF
PROGE                             00000003
PROG_INI                          00000019
PROG_PRIN                         00000067
PS0                               00000000
PS1                               00000001
PS2                               00000002
PSA                               00000003
PSPIE                             00000007
PSPIF                             00000007
PSPMODE                           00000004
R                                 00000002
RBIE                              00000003
RBIF                              00000000
RC8_9                             00000006
RC9                               00000006
RCD8                              00000000
RCEN                              00000003
RCIE                              00000005
RCIF                              00000005
RCREG                             0000001A
RCSTA                             00000018
RD                                00000000
READ_WRITE                        00000002
RESP_STATUS                       00000021
RESP_W                            00000020
RES_FSR                           00000023
RES_PCLATH                        00000022
RETARDO                           0000007A
RETARDO_40MS                      00000080
MPASM  5.30.01            RELOJ INTERRUPCION.ASM   4-3-2024  12:40:51         PAGE 15


SYMBOL TABLE
  LABEL                             VALUE 

RP0                               00000005
RP1                               00000006
RSEN                              00000001
RUTINA_INT                        0000003F
RX9                               00000006
RX9D                              00000000
R_W                               00000002
S                                 00000003
SAL_CTATIM                        000000DB
SAL_INT                           0000000F
SAL_RUTINT                        0000004F
SEC_LED                           00000078
SEN                               00000000
SIG_INT                           00000046
SIN_BD2                           00000002
SIN_BD3                           00000003
SIN_BD4                           00000004
SIN_BD5                           00000005
SIN_BD6                           00000006
SIN_BD7                           00000007
SIN_USORA2                        00000002
SIN_USORA3                        00000003
SIN_USORA4                        00000004
SIN_USORA5                        00000005
SIN_USORB0                        00000000
SIN_USORB1                        00000001
SIN_USORB2                        00000002
SIN_USORB3                        00000003
SIN_USORB4                        00000004
SIN_USORB5                        00000005
SIN_USORB6                        00000006
SIN_USORB7                        00000007
SIN_USORD0                        00000000
SIN_USORD1                        00000001
SIN_USORD2                        00000002
SIN_USORD3                        00000003
SIN_USORD4                        00000004
SIN_USORD5                        00000005
SIN_USORD6                        00000006
SIN_USORD7                        00000007
SIN_USORE0                        00000000
SIN_USORE1                        00000001
SMP                               00000007
SPBRG                             00000099
SPEN                              00000007
SREN                              00000005
SSPADD                            00000093
SSPBUF                            00000013
SSPCON                            00000014
SSPCON2                           00000091
SSPEN                             00000005
SSPIE                             00000003
SSPIF                             00000003
MPASM  5.30.01            RELOJ INTERRUPCION.ASM   4-3-2024  12:40:51         PAGE 16


SYMBOL TABLE
  LABEL                             VALUE 

SSPM0                             00000000
SSPM1                             00000001
SSPM2                             00000002
SSPM3                             00000003
SSPOV                             00000006
SSPSTAT                           00000094
STATUS                            00000003
SYNC                              00000004
T0CS                              00000005
T0IE                              00000005
T0IF                              00000002
T0SE                              00000004
T1CKPS0                           00000004
T1CKPS1                           00000005
T1CON                             00000010
T1INSYNC                          00000002
T1OSCEN                           00000003
T1SYNC                            00000002
T2CKPS0                           00000000
T2CKPS1                           00000001
T2CON                             00000012
TIME_OUT                          000000D0
TMB                               00000085
TMR0                              00000001
TMR0IE                            00000005
TMR0IF                            00000002
TMR1CS                            00000001
TMR1H                             0000000F
TMR1IE                            00000000
TMR1IF                            00000000
TMR1L                             0000000E
TMR1ON                            00000000
TMR2                              00000011
TMR2IE                            00000001
TMR2IF                            00000001
TMR2ON                            00000002
TOUTPS0                           00000003
TOUTPS1                           00000004
TOUTPS2                           00000005
TOUTPS3                           00000006
TRISA                             00000085
TRISB                             00000086
TRISC                             00000087
TRISD                             00000088
TRISE                             00000089
TRISE0                            00000000
TRISE1                            00000001
TRISE2                            00000002
TRMT                              00000001
TX8_9                             00000006
TX9                               00000006
TX9D                              00000000
TXD8                              00000000
MPASM  5.30.01            RELOJ INTERRUPCION.ASM   4-3-2024  12:40:51         PAGE 17


SYMBOL TABLE
  LABEL                             VALUE 

TXEN                              00000005
TXIE                              00000004
TXIF                              00000004
TXREG                             00000019
TXSTA                             00000098
UA                                00000001
VEC_INT                           00000004
VEC_RESET                         00000000
W                                 00000000
WCOL                              00000007
WR                                00000001
WREN                              00000002
WRERR                             00000003
Z                                 00000002
_BODEN_OFF                        00003FBF
_BODEN_ON                         00003FFF
_CPD_OFF                          00003FFF
_CPD_ON                           00003EFF
_CP_ALL                           00001FFF
_CP_OFF                           00003FFF
_DEBUG_OFF                        00003FFF
_DEBUG_ON                         000037FF
_HS_OSC                           00003FFE
_LP_OSC                           00003FFC
_LVP_OFF                          00003F7F
_LVP_ON                           00003FFF
_PWRTE_OFF                        00003FFF
_PWRTE_ON                         00003FF7
_RC_OSC                           00003FFF
_WDT_OFF                          00003FFB
_WDT_ON                           00003FFF
_WRT_1FOURTH                      00003BFF
_WRT_256                          00003DFF
_WRT_HALF                         000039FF
_WRT_OFF                          00003FFF
_XT_OSC                           00003FFD
__16F877A                         00000001


MEMORY USAGE MAP ('X' = Used,  '-' = Unused)

0000 : XX--XXXXXXXXXXXX XXXXXXXXXXXXXXXX XXXXXXXXXXXXXXXX XXXXXXXXXXXXXXXX
0040 : XXXXXXXXXXXXXXXX XXXXXXXXXXXXXXXX XXXXXXXXXXXXXXXX XXXXXXXXXXXXXXXX
0080 : XXXXXXXXXXXXXXXX XXXXXXXXXXXXXXXX XXXXXXXXXXXXXXXX XXXXXXXXXXXXXXXX
00C0 : XXXXXXXXXXXXXXXX XXXXXXXXXXXXXXXX XXXXXXXXXXXXXXXX XXXXXXXXXX------
2000 : -------X-------- ---------------- ---------------- ----------------

All other memory blocks unused.

Program Memory Words Used:   248
Program Memory Words Free:  7944

MPASM  5.30.01            RELOJ INTERRUPCION.ASM   4-3-2024  12:40:51         PAGE 18






Errors   :     0
Warnings :     0 reported,     0 suppressed
Messages :     0 reported,     0 suppressed

