MPLINK 4.30.01, Linker
Linker Map File - Created Thu Apr 18 08:27:16 2024

                                 Section Info
                  Section       Type    Address   Location Size(Bytes)
                ---------  ---------  ---------  ---------  ---------
                   .org_0       code   0x000000    program   0x000000
                   .org_1       code   0x000000    program   0x000004
                   .org_2       code   0x000004    program   0x000148
                   .org_3       code   0x000100    program   0x000170
.config_2007_ANIMACIóN PT_1.O       code   0x002007    program   0x000002



                              Program Memory Usage 
                               Start         End      
                           ---------   ---------      
                            0x000000    0x000001      
                            0x000004    0x0000a7      
                            0x000100    0x0001b7      
                            0x002007    0x002007      
            351 out of 8453 program addresses used, program memory utilization is 4%



                              Symbols - Sorted by Name
                     Name    Address   Location    Storage File                     
                ---------  ---------  ---------  --------- ---------                
                     ERRE   0x000152    program     static D:\AMM\Práctica 3.6\Programa\Animación Pt_1.asm
                 ESP_ERRE   0x000154    program     static D:\AMM\Práctica 3.6\Programa\Animación Pt_1.asm
               ESP_INT1MS   0x0001ad    program     static D:\AMM\Práctica 3.6\Programa\Animación Pt_1.asm
             ESP_INT300MS   0x0001b3    program     static D:\AMM\Práctica 3.6\Programa\Animación Pt_1.asm
              ESP_INTERRO   0x000142    program     static D:\AMM\Práctica 3.6\Programa\Animación Pt_1.asm
               ESP_MENORQ   0x000130    program     static D:\AMM\Práctica 3.6\Programa\Animación Pt_1.asm
                  ESP_MU1   0x000178    program     static D:\AMM\Práctica 3.6\Programa\Animación Pt_1.asm
                  ESP_MU2   0x00018a    program     static D:\AMM\Práctica 3.6\Programa\Animación Pt_1.asm
                  ESP_MU3   0x00019c    program     static D:\AMM\Práctica 3.6\Programa\Animación Pt_1.asm
                ESP_NUEVE   0x000166    program     static D:\AMM\Práctica 3.6\Programa\Animación Pt_1.asm
              ESP_VUELTA1   0x00012c    program     static D:\AMM\Práctica 3.6\Programa\Animación Pt_1.asm
              ESP_VUELTA2   0x00013e    program     static D:\AMM\Práctica 3.6\Programa\Animación Pt_1.asm
              ESP_VUELTA3   0x000150    program     static D:\AMM\Práctica 3.6\Programa\Animación Pt_1.asm
              ESP_VUELTA4   0x000162    program     static D:\AMM\Práctica 3.6\Programa\Animación Pt_1.asm
              ESP_VUELTA5   0x000174    program     static D:\AMM\Práctica 3.6\Programa\Animación Pt_1.asm
              ESP_VUELTA6   0x000186    program     static D:\AMM\Práctica 3.6\Programa\Animación Pt_1.asm
              ESP_VUELTA7   0x000198    program     static D:\AMM\Práctica 3.6\Programa\Animación Pt_1.asm
              ESP_VUELTA8   0x0001aa    program     static D:\AMM\Práctica 3.6\Programa\Animación Pt_1.asm
                    ESP_Ñ   0x00011e    program     static D:\AMM\Práctica 3.6\Programa\Animación Pt_1.asm
                      EñE   0x00011c    program     static D:\AMM\Práctica 3.6\Programa\Animación Pt_1.asm
              INTERROGACI   0x000140    program     static D:\AMM\Práctica 3.6\Programa\Animación Pt_1.asm
                  LISTA_9   0x00007f    program     static D:\AMM\Práctica 3.6\Programa\Animación Pt_1.asm
                  LISTA_?   0x00006b    program     static D:\AMM\Práctica 3.6\Programa\Animación Pt_1.asm
            LISTA_ACT_COL   0x00004d    program     static D:\AMM\Práctica 3.6\Programa\Animación Pt_1.asm
                LISTA_MU1   0x000089    program     static D:\AMM\Práctica 3.6\Programa\Animación Pt_1.asm
                LISTA_MU2   0x000093    program     static D:\AMM\Práctica 3.6\Programa\Animación Pt_1.asm
                LISTA_MU3   0x00009d    program     static D:\AMM\Práctica 3.6\Programa\Animación Pt_1.asm
                  LISTA_P   0x000061    program     static D:\AMM\Práctica 3.6\Programa\Animación Pt_1.asm
                  LISTA_R   0x000075    program     static D:\AMM\Práctica 3.6\Programa\Animación Pt_1.asm
                  LISTA_Ñ   0x000057    program     static D:\AMM\Práctica 3.6\Programa\Animación Pt_1.asm
                LOOP_PRIN   0x000100    program     static D:\AMM\Práctica 3.6\Programa\Animación Pt_1.asm
                 MENORQUE   0x00012e    program     static D:\AMM\Práctica 3.6\Programa\Animación Pt_1.asm
                 MUñECO_1   0x000176    program     static D:\AMM\Práctica 3.6\Programa\Animación Pt_1.asm
                 MUñECO_2   0x000188    program     static D:\AMM\Práctica 3.6\Programa\Animación Pt_1.asm
                 MUñECO_3   0x00019a    program     static D:\AMM\Práctica 3.6\Programa\Animación Pt_1.asm
                    NUEVE   0x000164    program     static D:\AMM\Práctica 3.6\Programa\Animación Pt_1.asm
                 PROG_INI   0x000019    program     static D:\AMM\Práctica 3.6\Programa\Animación Pt_1.asm
                PROG_PRIN   0x0000a7    program     static D:\AMM\Práctica 3.6\Programa\Animación Pt_1.asm
                  RETARDO   0x0001ac    program     static D:\AMM\Práctica 3.6\Programa\Animación Pt_1.asm
            RETARDO_300MS   0x0001b2    program     static D:\AMM\Práctica 3.6\Programa\Animación Pt_1.asm
               RUTINA_INT   0x000034    program     static D:\AMM\Práctica 3.6\Programa\Animación Pt_1.asm
                  SAL_INT   0x00000f    program     static D:\AMM\Práctica 3.6\Programa\Animación Pt_1.asm
               SAL_RUTINT   0x00004b    program     static D:\AMM\Práctica 3.6\Programa\Animación Pt_1.asm
                  SEC_LED   0x00004a    program     static D:\AMM\Práctica 3.6\Programa\Animación Pt_1.asm
                  SIG_INT   0x00003d    program     static D:\AMM\Práctica 3.6\Programa\Animación Pt_1.asm
                  VEC_INT   0x000004    program     static D:\AMM\Práctica 3.6\Programa\Animación Pt_1.asm
                VEC_RESET   0x000000    program     static D:\AMM\Práctica 3.6\Programa\Animación Pt_1.asm



                              Symbols - Sorted by Address
                     Name    Address   Location    Storage File                     
                ---------  ---------  ---------  --------- ---------                
                VEC_RESET   0x000000    program     static D:\AMM\Práctica 3.6\Programa\Animación Pt_1.asm
                  VEC_INT   0x000004    program     static D:\AMM\Práctica 3.6\Programa\Animación Pt_1.asm
                  SAL_INT   0x00000f    program     static D:\AMM\Práctica 3.6\Programa\Animación Pt_1.asm
                 PROG_INI   0x000019    program     static D:\AMM\Práctica 3.6\Programa\Animación Pt_1.asm
               RUTINA_INT   0x000034    program     static D:\AMM\Práctica 3.6\Programa\Animación Pt_1.asm
                  SIG_INT   0x00003d    program     static D:\AMM\Práctica 3.6\Programa\Animación Pt_1.asm
                  SEC_LED   0x00004a    program     static D:\AMM\Práctica 3.6\Programa\Animación Pt_1.asm
               SAL_RUTINT   0x00004b    program     static D:\AMM\Práctica 3.6\Programa\Animación Pt_1.asm
            LISTA_ACT_COL   0x00004d    program     static D:\AMM\Práctica 3.6\Programa\Animación Pt_1.asm
                  LISTA_Ñ   0x000057    program     static D:\AMM\Práctica 3.6\Programa\Animación Pt_1.asm
                  LISTA_P   0x000061    program     static D:\AMM\Práctica 3.6\Programa\Animación Pt_1.asm
                  LISTA_?   0x00006b    program     static D:\AMM\Práctica 3.6\Programa\Animación Pt_1.asm
                  LISTA_R   0x000075    program     static D:\AMM\Práctica 3.6\Programa\Animación Pt_1.asm
                  LISTA_9   0x00007f    program     static D:\AMM\Práctica 3.6\Programa\Animación Pt_1.asm
                LISTA_MU1   0x000089    program     static D:\AMM\Práctica 3.6\Programa\Animación Pt_1.asm
                LISTA_MU2   0x000093    program     static D:\AMM\Práctica 3.6\Programa\Animación Pt_1.asm
                LISTA_MU3   0x00009d    program     static D:\AMM\Práctica 3.6\Programa\Animación Pt_1.asm
                PROG_PRIN   0x0000a7    program     static D:\AMM\Práctica 3.6\Programa\Animación Pt_1.asm
                LOOP_PRIN   0x000100    program     static D:\AMM\Práctica 3.6\Programa\Animación Pt_1.asm
                      EñE   0x00011c    program     static D:\AMM\Práctica 3.6\Programa\Animación Pt_1.asm
                    ESP_Ñ   0x00011e    program     static D:\AMM\Práctica 3.6\Programa\Animación Pt_1.asm
              ESP_VUELTA1   0x00012c    program     static D:\AMM\Práctica 3.6\Programa\Animación Pt_1.asm
                 MENORQUE   0x00012e    program     static D:\AMM\Práctica 3.6\Programa\Animación Pt_1.asm
               ESP_MENORQ   0x000130    program     static D:\AMM\Práctica 3.6\Programa\Animación Pt_1.asm
              ESP_VUELTA2   0x00013e    program     static D:\AMM\Práctica 3.6\Programa\Animación Pt_1.asm
              INTERROGACI   0x000140    program     static D:\AMM\Práctica 3.6\Programa\Animación Pt_1.asm
              ESP_INTERRO   0x000142    program     static D:\AMM\Práctica 3.6\Programa\Animación Pt_1.asm
              ESP_VUELTA3   0x000150    program     static D:\AMM\Práctica 3.6\Programa\Animación Pt_1.asm
                     ERRE   0x000152    program     static D:\AMM\Práctica 3.6\Programa\Animación Pt_1.asm
                 ESP_ERRE   0x000154    program     static D:\AMM\Práctica 3.6\Programa\Animación Pt_1.asm
              ESP_VUELTA4   0x000162    program     static D:\AMM\Práctica 3.6\Programa\Animación Pt_1.asm
                    NUEVE   0x000164    program     static D:\AMM\Práctica 3.6\Programa\Animación Pt_1.asm
                ESP_NUEVE   0x000166    program     static D:\AMM\Práctica 3.6\Programa\Animación Pt_1.asm
              ESP_VUELTA5   0x000174    program     static D:\AMM\Práctica 3.6\Programa\Animación Pt_1.asm
                 MUñECO_1   0x000176    program     static D:\AMM\Práctica 3.6\Programa\Animación Pt_1.asm
                  ESP_MU1   0x000178    program     static D:\AMM\Práctica 3.6\Programa\Animación Pt_1.asm
              ESP_VUELTA6   0x000186    program     static D:\AMM\Práctica 3.6\Programa\Animación Pt_1.asm
                 MUñECO_2   0x000188    program     static D:\AMM\Práctica 3.6\Programa\Animación Pt_1.asm
                  ESP_MU2   0x00018a    program     static D:\AMM\Práctica 3.6\Programa\Animación Pt_1.asm
              ESP_VUELTA7   0x000198    program     static D:\AMM\Práctica 3.6\Programa\Animación Pt_1.asm
                 MUñECO_3   0x00019a    program     static D:\AMM\Práctica 3.6\Programa\Animación Pt_1.asm
                  ESP_MU3   0x00019c    program     static D:\AMM\Práctica 3.6\Programa\Animación Pt_1.asm
              ESP_VUELTA8   0x0001aa    program     static D:\AMM\Práctica 3.6\Programa\Animación Pt_1.asm
                  RETARDO   0x0001ac    program     static D:\AMM\Práctica 3.6\Programa\Animación Pt_1.asm
               ESP_INT1MS   0x0001ad    program     static D:\AMM\Práctica 3.6\Programa\Animación Pt_1.asm
            RETARDO_300MS   0x0001b2    program     static D:\AMM\Práctica 3.6\Programa\Animación Pt_1.asm
             ESP_INT300MS   0x0001b3    program     static D:\AMM\Práctica 3.6\Programa\Animación Pt_1.asm


