MPLINK 4.30.01, Linker
Linker Map File - Created Thu May 30 14:41:34 2024

                                 Section Info
                  Section       Type    Address   Location Size(Bytes)
                ---------  ---------  ---------  ---------  ---------
                   .org_0       code   0x000000    program   0x000000
                   .org_1       code   0x000000    program   0x000004
                   .org_2       code   0x000004    program   0x000656
    .config_2007_RAM BI.O       code   0x002007    program   0x000002



                              Program Memory Usage 
                               Start         End      
                           ---------   ---------      
                            0x000000    0x000001      
                            0x000004    0x00032e      
                            0x002007    0x002007      
            814 out of 8453 program addresses used, program memory utilization is 9%



                              Symbols - Sorted by Name
                     Name    Address   Location    Storage File                     
                ---------  ---------  ---------  --------- ---------                
                ASING.FIL   0x00017e    program     static E:\AMM\Práctica 5.6\Programa\Teclado_Matricial_4x4.inc
                ASING.TEC   0x00018e    program     static E:\AMM\Práctica 5.6\Programa\Teclado_Matricial_4x4.inc
                    CARGA   0x0001b8    program     static E:\AMM\Práctica 5.6\Programa\Text_temp5.6.inc
              COMANDO_LCD   0x0001b7    program     static E:\AMM\Práctica 5.6\Programa\Text_temp5.6.inc
               CONV_ASCII   0x0001a2    program     static E:\AMM\Práctica 5.6\Programa\Teclado_Matricial_4x4.inc
               DATA.CHECK   0x000114    program     static E:\AMM\Práctica 5.6\Programa\RAM BI.asm
               DATA.CHENT   0x000112    program     static E:\AMM\Práctica 5.6\Programa\RAM BI.asm
               DATOS_ADMI   0x000104    program     static E:\AMM\Práctica 5.6\Programa\RAM BI.asm
                  DIR_INT   0x000077    program     static E:\AMM\Práctica 5.6\Programa\RAM BI.asm
               ESPERA.SYS   0x0000c2    program     static E:\AMM\Práctica 5.6\Programa\RAM BI.asm
              ESPERA.SYS2   0x0000f8    program     static E:\AMM\Práctica 5.6\Programa\RAM BI.asm
                ESP_0.08S   0x00032a    program     static E:\AMM\Práctica 5.6\Programa\Text_temp5.6.inc
                 ESP_0.1S   0x000306    program     static E:\AMM\Práctica 5.6\Programa\Text_temp5.6.inc
                 ESP_0.2S   0x00030c    program     static E:\AMM\Práctica 5.6\Programa\Text_temp5.6.inc
                 ESP_16MS   0x00031e    program     static E:\AMM\Práctica 5.6\Programa\Text_temp5.6.inc
                  ESP_2MS   0x000318    program     static E:\AMM\Práctica 5.6\Programa\Text_temp5.6.inc
                   ESP_3S   0x0002fa    program     static E:\AMM\Práctica 5.6\Programa\Text_temp5.6.inc
                  ESP_4MS   0x000324    program     static E:\AMM\Práctica 5.6\Programa\Text_temp5.6.inc
                  ESP_5MS   0x000312    program     static E:\AMM\Práctica 5.6\Programa\Text_temp5.6.inc
                   ESP_8S   0x000300    program     static E:\AMM\Práctica 5.6\Programa\Text_temp5.6.inc
               ESP_INT1MS   0x0002f4    program     static E:\AMM\Práctica 5.6\Programa\Text_temp5.6.inc
                 EXPL_TEC   0x000149    program     static E:\AMM\Práctica 5.6\Programa\Teclado_Matricial_4x4.inc
                  LCD_INI   0x000050    program     static E:\AMM\Práctica 5.6\Programa\RAM BI.asm
               LOOOP_DATA   0x000107    program     static E:\AMM\Práctica 5.6\Programa\RAM BI.asm
                LOOP2_OP1   0x000088    program     static E:\AMM\Práctica 5.6\Programa\RAM BI.asm
                LOOP2_OP2   0x0000e5    program     static E:\AMM\Práctica 5.6\Programa\RAM BI.asm
                LOOP3_OP1   0x000094    program     static E:\AMM\Práctica 5.6\Programa\RAM BI.asm
                LOOP_EXPL   0x00014f    program     static E:\AMM\Práctica 5.6\Programa\Teclado_Matricial_4x4.inc
                 LOOP_OP1   0x000079    program     static E:\AMM\Práctica 5.6\Programa\RAM BI.asm
                 LOOP_OP2   0x0000d9    program     static E:\AMM\Práctica 5.6\Programa\RAM BI.asm
                LOOP_PRIN   0x000060    program     static E:\AMM\Práctica 5.6\Programa\RAM BI.asm
                     MENU   0x000062    program     static E:\AMM\Práctica 5.6\Programa\RAM BI.asm
                 OPCION_1   0x000071    program     static E:\AMM\Práctica 5.6\Programa\RAM BI.asm
                 OPCION_2   0x0000ce    program     static E:\AMM\Práctica 5.6\Programa\RAM BI.asm
                PRINT_LCD   0x0001b5    program     static E:\AMM\Práctica 5.6\Programa\Text_temp5.6.inc
                  PRI_LED   0x00004b    program     static E:\AMM\Práctica 5.6\Programa\RAM BI.asm
                 PROG_INI   0x000019    program     static E:\AMM\Práctica 5.6\Programa\RAM BI.asm
                PROG_PRIN   0x00005c    program     static E:\AMM\Práctica 5.6\Programa\RAM BI.asm
            RETARDO_0.08S   0x000329    program     static E:\AMM\Práctica 5.6\Programa\Text_temp5.6.inc
             RETARDO_0.1S   0x000305    program     static E:\AMM\Práctica 5.6\Programa\Text_temp5.6.inc
             RETARDO_0.2S   0x00030b    program     static E:\AMM\Práctica 5.6\Programa\Text_temp5.6.inc
             RETARDO_16MS   0x00031d    program     static E:\AMM\Práctica 5.6\Programa\Text_temp5.6.inc
              RETARDO_1MS   0x0002f3    program     static E:\AMM\Práctica 5.6\Programa\Text_temp5.6.inc
              RETARDO_2MS   0x000317    program     static E:\AMM\Práctica 5.6\Programa\Text_temp5.6.inc
               RETARDO_3S   0x0002f9    program     static E:\AMM\Práctica 5.6\Programa\Text_temp5.6.inc
              RETARDO_4MS   0x000323    program     static E:\AMM\Práctica 5.6\Programa\Text_temp5.6.inc
              RETARDO_5MS   0x000311    program     static E:\AMM\Práctica 5.6\Programa\Text_temp5.6.inc
               RETARDO_8S   0x0002ff    program     static E:\AMM\Práctica 5.6\Programa\Text_temp5.6.inc
               RUTINA_INT   0x000036    program     static E:\AMM\Práctica 5.6\Programa\RAM BI.asm
                  SAL_INT   0x00000f    program     static E:\AMM\Práctica 5.6\Programa\RAM BI.asm
               SAL_RUTINT   0x00004e    program     static E:\AMM\Práctica 5.6\Programa\RAM BI.asm
                  SEC_LED   0x00004d    program     static E:\AMM\Práctica 5.6\Programa\RAM BI.asm
                SELEC.TEC   0x00016b    program     static E:\AMM\Práctica 5.6\Programa\Teclado_Matricial_4x4.inc
                  SIG_FIL   0x00015f    program     static E:\AMM\Práctica 5.6\Programa\Teclado_Matricial_4x4.inc
                  SIG_INT   0x00003e    program     static E:\AMM\Práctica 5.6\Programa\RAM BI.asm
                TEC_ARRAY   0x000116    program     static E:\AMM\Práctica 5.6\Programa\Teclado_Matricial_4x4.inc
                 TEXT_INI   0x0001be    program     static E:\AMM\Práctica 5.6\Programa\Text_temp5.6.inc
                TEXT_MENU   0x0001fc    program     static E:\AMM\Práctica 5.6\Programa\Text_temp5.6.inc
                 TEXT_RAM   0x0002b5    program     static E:\AMM\Práctica 5.6\Programa\Text_temp5.6.inc
                TEXT_READ   0x000239    program     static E:\AMM\Práctica 5.6\Programa\Text_temp5.6.inc
               TEXT_WRITE   0x000277    program     static E:\AMM\Práctica 5.6\Programa\Text_temp5.6.inc
                  VEC_INT   0x000004    program     static E:\AMM\Práctica 5.6\Programa\RAM BI.asm
                VEC_RESET   0x000000    program     static E:\AMM\Práctica 5.6\Programa\RAM BI.asm



                              Symbols - Sorted by Address
                     Name    Address   Location    Storage File                     
                ---------  ---------  ---------  --------- ---------                
                VEC_RESET   0x000000    program     static E:\AMM\Práctica 5.6\Programa\RAM BI.asm
                  VEC_INT   0x000004    program     static E:\AMM\Práctica 5.6\Programa\RAM BI.asm
                  SAL_INT   0x00000f    program     static E:\AMM\Práctica 5.6\Programa\RAM BI.asm
                 PROG_INI   0x000019    program     static E:\AMM\Práctica 5.6\Programa\RAM BI.asm
               RUTINA_INT   0x000036    program     static E:\AMM\Práctica 5.6\Programa\RAM BI.asm
                  SIG_INT   0x00003e    program     static E:\AMM\Práctica 5.6\Programa\RAM BI.asm
                  PRI_LED   0x00004b    program     static E:\AMM\Práctica 5.6\Programa\RAM BI.asm
                  SEC_LED   0x00004d    program     static E:\AMM\Práctica 5.6\Programa\RAM BI.asm
               SAL_RUTINT   0x00004e    program     static E:\AMM\Práctica 5.6\Programa\RAM BI.asm
                  LCD_INI   0x000050    program     static E:\AMM\Práctica 5.6\Programa\RAM BI.asm
                PROG_PRIN   0x00005c    program     static E:\AMM\Práctica 5.6\Programa\RAM BI.asm
                LOOP_PRIN   0x000060    program     static E:\AMM\Práctica 5.6\Programa\RAM BI.asm
                     MENU   0x000062    program     static E:\AMM\Práctica 5.6\Programa\RAM BI.asm
                 OPCION_1   0x000071    program     static E:\AMM\Práctica 5.6\Programa\RAM BI.asm
                  DIR_INT   0x000077    program     static E:\AMM\Práctica 5.6\Programa\RAM BI.asm
                 LOOP_OP1   0x000079    program     static E:\AMM\Práctica 5.6\Programa\RAM BI.asm
                LOOP2_OP1   0x000088    program     static E:\AMM\Práctica 5.6\Programa\RAM BI.asm
                LOOP3_OP1   0x000094    program     static E:\AMM\Práctica 5.6\Programa\RAM BI.asm
               ESPERA.SYS   0x0000c2    program     static E:\AMM\Práctica 5.6\Programa\RAM BI.asm
                 OPCION_2   0x0000ce    program     static E:\AMM\Práctica 5.6\Programa\RAM BI.asm
                 LOOP_OP2   0x0000d9    program     static E:\AMM\Práctica 5.6\Programa\RAM BI.asm
                LOOP2_OP2   0x0000e5    program     static E:\AMM\Práctica 5.6\Programa\RAM BI.asm
              ESPERA.SYS2   0x0000f8    program     static E:\AMM\Práctica 5.6\Programa\RAM BI.asm
               DATOS_ADMI   0x000104    program     static E:\AMM\Práctica 5.6\Programa\RAM BI.asm
               LOOOP_DATA   0x000107    program     static E:\AMM\Práctica 5.6\Programa\RAM BI.asm
               DATA.CHENT   0x000112    program     static E:\AMM\Práctica 5.6\Programa\RAM BI.asm
               DATA.CHECK   0x000114    program     static E:\AMM\Práctica 5.6\Programa\RAM BI.asm
                TEC_ARRAY   0x000116    program     static E:\AMM\Práctica 5.6\Programa\Teclado_Matricial_4x4.inc
                 EXPL_TEC   0x000149    program     static E:\AMM\Práctica 5.6\Programa\Teclado_Matricial_4x4.inc
                LOOP_EXPL   0x00014f    program     static E:\AMM\Práctica 5.6\Programa\Teclado_Matricial_4x4.inc
                  SIG_FIL   0x00015f    program     static E:\AMM\Práctica 5.6\Programa\Teclado_Matricial_4x4.inc
                SELEC.TEC   0x00016b    program     static E:\AMM\Práctica 5.6\Programa\Teclado_Matricial_4x4.inc
                ASING.FIL   0x00017e    program     static E:\AMM\Práctica 5.6\Programa\Teclado_Matricial_4x4.inc
                ASING.TEC   0x00018e    program     static E:\AMM\Práctica 5.6\Programa\Teclado_Matricial_4x4.inc
               CONV_ASCII   0x0001a2    program     static E:\AMM\Práctica 5.6\Programa\Teclado_Matricial_4x4.inc
                PRINT_LCD   0x0001b5    program     static E:\AMM\Práctica 5.6\Programa\Text_temp5.6.inc
              COMANDO_LCD   0x0001b7    program     static E:\AMM\Práctica 5.6\Programa\Text_temp5.6.inc
                    CARGA   0x0001b8    program     static E:\AMM\Práctica 5.6\Programa\Text_temp5.6.inc
                 TEXT_INI   0x0001be    program     static E:\AMM\Práctica 5.6\Programa\Text_temp5.6.inc
                TEXT_MENU   0x0001fc    program     static E:\AMM\Práctica 5.6\Programa\Text_temp5.6.inc
                TEXT_READ   0x000239    program     static E:\AMM\Práctica 5.6\Programa\Text_temp5.6.inc
               TEXT_WRITE   0x000277    program     static E:\AMM\Práctica 5.6\Programa\Text_temp5.6.inc
                 TEXT_RAM   0x0002b5    program     static E:\AMM\Práctica 5.6\Programa\Text_temp5.6.inc
              RETARDO_1MS   0x0002f3    program     static E:\AMM\Práctica 5.6\Programa\Text_temp5.6.inc
               ESP_INT1MS   0x0002f4    program     static E:\AMM\Práctica 5.6\Programa\Text_temp5.6.inc
               RETARDO_3S   0x0002f9    program     static E:\AMM\Práctica 5.6\Programa\Text_temp5.6.inc
                   ESP_3S   0x0002fa    program     static E:\AMM\Práctica 5.6\Programa\Text_temp5.6.inc
               RETARDO_8S   0x0002ff    program     static E:\AMM\Práctica 5.6\Programa\Text_temp5.6.inc
                   ESP_8S   0x000300    program     static E:\AMM\Práctica 5.6\Programa\Text_temp5.6.inc
             RETARDO_0.1S   0x000305    program     static E:\AMM\Práctica 5.6\Programa\Text_temp5.6.inc
                 ESP_0.1S   0x000306    program     static E:\AMM\Práctica 5.6\Programa\Text_temp5.6.inc
             RETARDO_0.2S   0x00030b    program     static E:\AMM\Práctica 5.6\Programa\Text_temp5.6.inc
                 ESP_0.2S   0x00030c    program     static E:\AMM\Práctica 5.6\Programa\Text_temp5.6.inc
              RETARDO_5MS   0x000311    program     static E:\AMM\Práctica 5.6\Programa\Text_temp5.6.inc
                  ESP_5MS   0x000312    program     static E:\AMM\Práctica 5.6\Programa\Text_temp5.6.inc
              RETARDO_2MS   0x000317    program     static E:\AMM\Práctica 5.6\Programa\Text_temp5.6.inc
                  ESP_2MS   0x000318    program     static E:\AMM\Práctica 5.6\Programa\Text_temp5.6.inc
             RETARDO_16MS   0x00031d    program     static E:\AMM\Práctica 5.6\Programa\Text_temp5.6.inc
                 ESP_16MS   0x00031e    program     static E:\AMM\Práctica 5.6\Programa\Text_temp5.6.inc
              RETARDO_4MS   0x000323    program     static E:\AMM\Práctica 5.6\Programa\Text_temp5.6.inc
                  ESP_4MS   0x000324    program     static E:\AMM\Práctica 5.6\Programa\Text_temp5.6.inc
            RETARDO_0.08S   0x000329    program     static E:\AMM\Práctica 5.6\Programa\Text_temp5.6.inc
                ESP_0.08S   0x00032a    program     static E:\AMM\Práctica 5.6\Programa\Text_temp5.6.inc


