MPLINK 4.30.01, Linker
Linker Map File - Created Fri Oct 27 14:28:15 2023

                                 Section Info
                  Section       Type    Address   Location Size(Bytes)
                ---------  ---------  ---------  ---------  ---------
                   .org_0       code   0x000000    program   0x000000
                   .org_1       code   0x000000    program   0x000004
                   .org_2       code   0x000004    program   0x000852
 .config_2007_DISPLAYS2.O       code   0x002007    program   0x000002



                              Program Memory Usage 
                               Start         End      
                           ---------   ---------      
                            0x000000    0x000001      
                            0x000004    0x00042c      
                            0x002007    0x002007      
            1068 out of 8453 program addresses used, program memory utilization is 12%



                              Symbols - Sorted by Name
                     Name    Address   Location    Storage File                     
                ---------  ---------  ---------  --------- ---------                
                    LOOP1   0x000426    program     static E:\Practica 3 Displays\DISPLAYS2.asm
                    LOOP2   0x000424    program     static E:\Practica 3 Displays\DISPLAYS2.asm
                    LOOP3   0x000422    program     static E:\Practica 3 Displays\DISPLAYS2.asm
                LOOP_PRIN   0x000018    program     static E:\Practica 3 Displays\DISPLAYS2.asm
                 PROG_INI   0x000006    program     static E:\Practica 3 Displays\DISPLAYS2.asm
                PROG_PRIN   0x000017    program     static E:\Practica 3 Displays\DISPLAYS2.asm
                  RETARDO   0x000420    program     static E:\Practica 3 Displays\DISPLAYS2.asm
                  VEC_INT   0x000004    program     static E:\Practica 3 Displays\DISPLAYS2.asm
                VEC_RESET   0x000000    program     static E:\Practica 3 Displays\DISPLAYS2.asm



                              Symbols - Sorted by Address
                     Name    Address   Location    Storage File                     
                ---------  ---------  ---------  --------- ---------                
                VEC_RESET   0x000000    program     static E:\Practica 3 Displays\DISPLAYS2.asm
                  VEC_INT   0x000004    program     static E:\Practica 3 Displays\DISPLAYS2.asm
                 PROG_INI   0x000006    program     static E:\Practica 3 Displays\DISPLAYS2.asm
                PROG_PRIN   0x000017    program     static E:\Practica 3 Displays\DISPLAYS2.asm
                LOOP_PRIN   0x000018    program     static E:\Practica 3 Displays\DISPLAYS2.asm
                  RETARDO   0x000420    program     static E:\Practica 3 Displays\DISPLAYS2.asm
                    LOOP3   0x000422    program     static E:\Practica 3 Displays\DISPLAYS2.asm
                    LOOP2   0x000424    program     static E:\Practica 3 Displays\DISPLAYS2.asm
                    LOOP1   0x000426    program     static E:\Practica 3 Displays\DISPLAYS2.asm


